3 1 file1.py
0.000 0.333 0.333 
0.000 0.000 0.000 
0.000 0.000 0.000 
0.000 0.333 0.333 
0.000 0.000 0.333 
0.000 0.000 0.000 

